.
----------------------------------------------------------------------
Ran 1 test in 0.032s

OK
